
> hbts-backend@1.0.0 dev
> nodemon src/server.js

[33m[nodemon] 3.1.11[39m
[33m[nodemon] to restart at any time, enter `rs`[39m
[33m[nodemon] watching path(s): src\**\*[39m
[33m[nodemon] watching extensions: js,json[39m
[32m[nodemon] starting `node src/server.js src/server.js`[39m
[dotenv@17.2.3] injecting env (18) from .env -- tip: 🛠️  run anywhere with `dotenvx run -- yourcommand`
DATABASE_URL (backend): postgresql://postgres:22222@localhost:5432/hbts
[dotenv@17.2.3] injecting env (0) from .env -- tip: 🔑 add access controls to secrets: https://dotenvx.com/ops
BOOT: starting expirePendingBookings job
Server running on port 4000
[31m[nodemon] app crashed - waiting for file changes before starting...[39m
[32m[nodemon] restarting child process[39m
[32m[nodemon] starting `node src/server.js src/server.js`[39m
[dotenv@17.2.3] injecting env (18) from .env -- tip: ⚙️  specify custom .env file path with { path: '/custom/path/.env' }
DATABASE_URL (backend): postgresql://postgres:22222@localhost:5432/hbts
[dotenv@17.2.3] injecting env (0) from .env -- tip: 🗂️ backup and recover secrets: https://dotenvx.com/ops
BOOT: starting expirePendingBookings job
Server running on port 4000
[31m[nodemon] app crashed - waiting for file changes before starting...[39m
